// Jest Snapshot v1, https://goo.gl/fbAQLP

exports[`renders Tab 1`] = `
<div
  className="MuiBox-root css-1g37473"
>
  <div
    autoCapitalize="none"
    className="MuiTabs-root css-1ujnqem-MuiTabs-root"
  >
    <div
      className="MuiTabs-scroller MuiTabs-fixed css-jpln7h-MuiTabs-scroller"
      onScroll={[Function]}
      style={
        Object {
          "marginBottom": -0,
          "overflow": "hidden",
        }
      }
    >
      <div
        aria-label="wrapped label tabs example"
        aria-orientation={null}
        className="MuiTabs-flexContainer css-heg063-MuiTabs-flexContainer"
        onKeyDown={[Function]}
        role="tablist"
      >
        <button
          aria-selected={true}
          className="MuiButtonBase-root MuiTab-root MuiTab-textColorPrimary Mui-selected css-1fjr9ps-MuiButtonBase-root-MuiTab-root"
          disabled={false}
          onBlur={[Function]}
          onClick={[Function]}
          onContextMenu={[Function]}
          onDragLeave={[Function]}
          onFocus={[Function]}
          onKeyDown={[Function]}
          onKeyUp={[Function]}
          onMouseDown={[Function]}
          onMouseLeave={[Function]}
          onMouseUp={[Function]}
          onTouchEnd={[Function]}
          onTouchMove={[Function]}
          onTouchStart={[Function]}
          role="tab"
          tabIndex={0}
          type="button"
        >
          Explore by category
          <span
            className="MuiTabs-indicator css-lafep3-MuiTabs-indicator"
            style={Object {}}
          />
        </button>
        <button
          aria-selected={false}
          className="MuiButtonBase-root MuiTab-root MuiTab-textColorPrimary css-1fjr9ps-MuiButtonBase-root-MuiTab-root"
          disabled={false}
          onBlur={[Function]}
          onClick={[Function]}
          onContextMenu={[Function]}
          onDragLeave={[Function]}
          onFocus={[Function]}
          onKeyDown={[Function]}
          onKeyUp={[Function]}
          onMouseDown={[Function]}
          onMouseLeave={[Function]}
          onMouseUp={[Function]}
          onTouchEnd={[Function]}
          onTouchMove={[Function]}
          onTouchStart={[Function]}
          role="tab"
          tabIndex={-1}
          type="button"
        >
          recently added
        </button>
        <button
          aria-selected={false}
          className="MuiButtonBase-root MuiTab-root MuiTab-textColorPrimary css-1fjr9ps-MuiButtonBase-root-MuiTab-root"
          disabled={false}
          onBlur={[Function]}
          onClick={[Function]}
          onContextMenu={[Function]}
          onDragLeave={[Function]}
          onFocus={[Function]}
          onKeyDown={[Function]}
          onKeyUp={[Function]}
          onMouseDown={[Function]}
          onMouseLeave={[Function]}
          onMouseUp={[Function]}
          onTouchEnd={[Function]}
          onTouchMove={[Function]}
          onTouchStart={[Function]}
          role="tab"
          tabIndex={-1}
          type="button"
        >
          See popular titles
        </button>
      </div>
    </div>
  </div>
</div>
`;
