// Jest Snapshot v1, https://goo.gl/fbAQLP

exports[`ProgressBar 1`] = `
<span
  aria-valuemax={100}
  aria-valuemin={0}
  aria-valuenow={60}
  className="MuiLinearProgress-root MuiLinearProgress-colorPrimary MuiLinearProgress-determinate css-dp0sbv-MuiLinearProgress-root"
  role="progressbar"
>
  <span
    className="MuiLinearProgress-bar MuiLinearProgress-barColorPrimary MuiLinearProgress-bar1Determinate css-5xe99f-MuiLinearProgress-bar1"
    style={
      Object {
        "transform": "translateX(-40%)",
      }
    }
  />
</span>
`;
